1: "client8cf58d809"
2: 22630
3: "cusr_3b297100000815337395"
5 {
  2: "KA"
  3: "IN"
  4: 0x4161c819
  5: 0x4295fb66
  6: "loca_8793a238c7c037452476"
  23: "lodt_general"
}
